// Jest Snapshot v1, https://goo.gl/fbAQLP

exports[`<MemberLogin /> <MemberLogin /> 1`] = `
<div
  class="w-screen p-4"
>
  <div
    class="flex flex-col w-full justify-center items-center bg-red-400 rounded-lg"
  >
    <h3
      class="text-xl"
    >
      Member Login
    </h3>
    <form
      class="flex flex-col w-full p-6"
      data-testid="loginForm"
    >
      <label
        for="email"
      >
        Email
      </label>
      <input
        class="bg-white focus:outline-none focus:shadow-outline border border-gray-300 rounded-lg py-2 px-4 block w-full appearance-none leading-normal"
        data-testid="usernameForm"
        name="email"
        type="email"
      />
      <label
        for="password"
      >
        Password
      </label>
      <input
        class="bg-white focus:outline-none focus:shadow-outline focus:text-xs border border-gray-300 rounded-lg py-2 px-4 block w-full appearance-none leading-normal"
        data-testid="passwordForm"
        name="password"
        type="password"
      />
      <button>
        Submit
      </button>
    </form>
  </div>
</div>
`;
